// Jest Snapshot v1, https://goo.gl/fbAQLP

exports[`ProcedureDashboard component renders ProcedureDashboard component 1`] = `ReactWrapper {}`;
