// Jest Snapshot v1, https://goo.gl/fbAQLP

exports[`PatientDashboard component renders PatientDashboard component 1`] = `ReactWrapper {}`;
